// Jest Snapshot v1, https://goo.gl/fbAQLP

exports[`Leaderboard matches snapshot 1`] = `
<div
  className="Leaderboard"
>
  <h1 />
  <Connect(LeaderboardHeader) />
</div>
`;
